<html>
<body>
<pre>
<h1>µVision Build Log</h1>
<h2>Project:</h2>
C:\Users\pbuko\Desktop\BukowiecTEST3\BukowiecTEST2\serwo\serwo.uvproj
Project File Date:  05/25/2025

<h2>Output:</h2>
Clean started: Project: 'serwo'
   deleting intermediate output files for target 'Target 1'
Rebuild target 'Target 1'
assembling Startup.s...
compiling led.c...
compiling timer_interrupts.c...
compiling keyboard.c...
compiling bukowiec_9_2.c...
linking...
Program Size: Code=1920 RO-data=32 RW-data=8 ZI-data=1272  
FromELF: creating hex file...
".\serwo.axf" - 0 Errors, 0 Warning(s).
