<html>
<body>
<pre>
<h1>µVision Build Log</h1>
<h2>Project:</h2>
C:\Users\Student\Desktop\ppsw\PPSW_Bukowiec\UART\uart.uvproj
Project File Date:  06/18/2025

<h2>Output:</h2>
Clean started: Project: 'uart'
   deleting intermediate output files for target 'Target 1'
Rebuild target 'Target 1'
assembling Startup.s...
compiling UartRecieverOnInterrupts.c...
compiling servo.c...
compiling led.c...
compiling keyboard.c...
compiling timer_interrupts.c...
compiling bukowiec_10.3.c...
linking...
Program Size: Code=2264 RO-data=32 RW-data=12 ZI-data=1268  
".\uart.axf" - 0 Errors, 0 Warning(s).
Rebuild target 'Target 1'
assembling Startup.s...
compiling UartRecieverOnInterrupts.c...
compiling servo.c...
compiling led.c...
compiling keyboard.c...
compiling timer_interrupts.c...
compiling bukowiec_10.3.c...
linking...
Program Size: Code=2264 RO-data=32 RW-data=12 ZI-data=1268  
".\uart.axf" - 0 Errors, 0 Warning(s).
Clean started: Project: 'uart'
   deleting intermediate output files for target 'Target 1'
Rebuild target 'Target 1'
assembling Startup.s...
compiling UartRecieverOnInterrupts.c...
compiling servo.c...
compiling led.c...
compiling keyboard.c...
compiling timer_interrupts.c...
compiling bukowiec_10.3.c...
linking...
Program Size: Code=2536 RO-data=32 RW-data=12 ZI-data=1268  
FromELF: creating hex file...
".\uart.axf" - 0 Errors, 0 Warning(s).
Clean started: Project: 'uart'
   deleting intermediate output files for target 'Target 1'
Rebuild target 'Target 1'
assembling Startup.s...
compiling UartRecieverOnInterrupts.c...
compiling servo.c...
compiling led.c...
compiling keyboard.c...
compiling timer_interrupts.c...
compiling bukowiec_10.4.c...
linking...
Program Size: Code=2520 RO-data=32 RW-data=12 ZI-data=1268  
FromELF: creating hex file...
".\uart.axf" - 0 Errors, 0 Warning(s).
Clean started: Project: 'uart'
   deleting intermediate output files for target 'Target 1'
Rebuild target 'Target 1'
assembling Startup.s...
compiling UartRecieverOnInterrupts.c...
compiling servo.c...
compiling led.c...
compiling keyboard.c...
compiling timer_interrupts.c...
compiling bukowiec_10.4.c...
linking...
Program Size: Code=2524 RO-data=32 RW-data=12 ZI-data=1268  
FromELF: creating hex file...
".\uart.axf" - 0 Errors, 0 Warning(s).
