<html>
<body>
<pre>
<h1>µVision Build Log</h1>
<h2>Project:</h2>
C:\Users\pbuko\Desktop\BukowiecTEST3\BukowiecTEST2\UART\uart.uvproj
Project File Date:  06/01/2025

<h2>Output:</h2>
Rebuild target 'Target 1'
assembling Startup.s...
compiling UartRecieverOnInterrupts.c...
compiling bukowiec_10.1.c...
linking...
Program Size: Code=1128 RO-data=32 RW-data=8 ZI-data=1256  
".\uart.axf" - 0 Errors, 0 Warning(s).
Clean started: Project: 'uart'
   deleting intermediate output files for target 'Target 1'
Rebuild target 'Target 1'
assembling Startup.s...
compiling UartRecieverOnInterrupts.c...
compiling bukowiec_10.2.c...
compiling led.c...
linking...
Program Size: Code=976 RO-data=32 RW-data=8 ZI-data=1256  
".\uart.axf" - 0 Errors, 0 Warning(s).
Clean started: Project: 'uart'
   deleting intermediate output files for target 'Target 1'
Rebuild target 'Target 1'
assembling Startup.s...
compiling UartRecieverOnInterrupts.c...
compiling servo.c...
servo.c(4): error:  #5: cannot open source input file "timer_interrupts.h": No such file or directory
compiling bukowiec_10.3.c...
".\uart.axf" - 1 Errors, 0 Warning(s).
Target not created
Rebuild target 'Target 1'
assembling Startup.s...
compiling UartRecieverOnInterrupts.c...
compiling servo.c...
compiling bukowiec_10.3.c...
compiling timer_interrupts.c...
linking...
.\uart.axf: Error: L6218E: Undefined symbol LedInit (referred from servo.o).
.\uart.axf: Error: L6218E: Undefined symbol LedStepLeft (referred from servo.o).
.\uart.axf: Error: L6218E: Undefined symbol LedStepRight (referred from servo.o).
".\uart.axf" - 3 Errors, 0 Warning(s).
Target not created
Clean started: Project: 'uart'
   deleting intermediate output files for target 'Target 1'
Rebuild target 'Target 1'
assembling Startup.s...
compiling UartRecieverOnInterrupts.c...
compiling servo.c...
compiling bukowiec_10.3.c...
compiling timer_interrupts.c...
linking...
.\uart.axf: Error: L6218E: Undefined symbol LedInit (referred from servo.o).
.\uart.axf: Error: L6218E: Undefined symbol LedStepLeft (referred from servo.o).
.\uart.axf: Error: L6218E: Undefined symbol LedStepRight (referred from servo.o).
".\uart.axf" - 3 Errors, 0 Warning(s).
Target not created
Clean started: Project: 'uart'
   deleting intermediate output files for target 'Target 1'
Rebuild target 'Target 1'
assembling Startup.s...
compiling UartRecieverOnInterrupts.c...
compiling servo.c...
compiling bukowiec_10.3.c...
compiling timer_interrupts.c...
compiling led.c...
linking...
Program Size: Code=2264 RO-data=32 RW-data=12 ZI-data=1268  
".\uart.axf" - 0 Errors, 0 Warning(s).
Clean started: Project: 'uart'
   deleting intermediate output files for target 'Target 1'
Rebuild target 'Target 1'
assembling Startup.s...
compiling UartRecieverOnInterrupts.c...
compiling servo.c...
compiling timer_interrupts.c...
compiling led.c...
compiling bukowiec_10.4.c...
linking...
Program Size: Code=2224 RO-data=32 RW-data=12 ZI-data=1268  
".\uart.axf" - 0 Errors, 0 Warning(s).
Clean started: Project: 'uart'
   deleting intermediate output files for target 'Target 1'
